[    3448ms] [ERROR] Failed to load resource: net::ERR_CONNECTION_REFUSED @ http://[::1]:5173/@vite/client:0
[    3461ms] [ERROR] Failed to load resource: net::ERR_CONNECTION_REFUSED @ http://[::1]:5173/resources/js/app.js:0
[    3479ms] [ERROR] Failed to load resource: net::ERR_CONNECTION_REFUSED @ http://[::1]:5173/resources/css/app.css:0
[    3717ms] [VERBOSE] [DOM] Input elements should have autocomplete attributes (suggested: "username"): (More info: https://goo.gl/9p2vKq) %o @ http://127.0.0.1:8000/login:0
[  420711ms] [ERROR] Failed to load resource: net::ERR_CONNECTION_REFUSED @ http://[::1]:5173/resources/css/app.css:0
[  420736ms] [ERROR] Failed to load resource: net::ERR_CONNECTION_REFUSED @ http://[::1]:5173/@vite/client:0
[  420737ms] [ERROR] Failed to load resource: net::ERR_CONNECTION_REFUSED @ http://[::1]:5173/resources/js/app.js:0
[  446282ms] [ERROR] Failed to load resource: net::ERR_CONNECTION_REFUSED @ http://[::1]:5173/resources/css/app.css:0
[  446292ms] [ERROR] Failed to load resource: net::ERR_CONNECTION_REFUSED @ http://[::1]:5173/@vite/client:0
[  446390ms] [ERROR] Failed to load resource: net::ERR_CONNECTION_REFUSED @ http://[::1]:5173/resources/js/app.js:0
[  450270ms] [ERROR] Failed to load resource: net::ERR_CONNECTION_REFUSED @ http://[::1]:5173/@vite/client:0
[  450293ms] [ERROR] Failed to load resource: net::ERR_CONNECTION_REFUSED @ http://[::1]:5173/resources/css/app.css:0
[  450300ms] [ERROR] Failed to load resource: net::ERR_CONNECTION_REFUSED @ http://[::1]:5173/resources/js/app.js:0
[  454021ms] [ERROR] Failed to load resource: net::ERR_CONNECTION_REFUSED @ http://[::1]:5173/resources/css/app.css:0
[  454028ms] [ERROR] Failed to load resource: net::ERR_CONNECTION_REFUSED @ http://[::1]:5173/@vite/client:0
[  454028ms] [ERROR] Failed to load resource: net::ERR_CONNECTION_REFUSED @ http://[::1]:5173/resources/js/app.js:0
[  457983ms] [ERROR] Failed to load resource: net::ERR_CONNECTION_REFUSED @ http://[::1]:5173/resources/css/app.css:0
[  457990ms] [ERROR] Failed to load resource: net::ERR_CONNECTION_REFUSED @ http://[::1]:5173/@vite/client:0
[  457990ms] [ERROR] Failed to load resource: net::ERR_CONNECTION_REFUSED @ http://[::1]:5173/resources/js/app.js:0
[  462249ms] [ERROR] Failed to load resource: net::ERR_CONNECTION_REFUSED @ http://[::1]:5173/resources/css/app.css:0
[  462259ms] [ERROR] Failed to load resource: net::ERR_CONNECTION_REFUSED @ http://[::1]:5173/@vite/client:0
[  462259ms] [ERROR] Failed to load resource: net::ERR_CONNECTION_REFUSED @ http://[::1]:5173/resources/js/app.js:0
[  466480ms] [ERROR] Failed to load resource: net::ERR_CONNECTION_REFUSED @ http://[::1]:5173/resources/css/app.css:0
[  466488ms] [ERROR] Failed to load resource: net::ERR_CONNECTION_REFUSED @ http://[::1]:5173/@vite/client:0
[  466489ms] [ERROR] Failed to load resource: net::ERR_CONNECTION_REFUSED @ http://[::1]:5173/resources/js/app.js:0
[  826923ms] [ERROR] Failed to load resource: net::ERR_CONNECTION_REFUSED @ http://[::1]:5173/@vite/client:0
[  826925ms] [ERROR] Failed to load resource: net::ERR_CONNECTION_REFUSED @ http://[::1]:5173/resources/css/app.css:0
[  826925ms] [ERROR] Failed to load resource: net::ERR_CONNECTION_REFUSED @ http://[::1]:5173/resources/js/app.js:0
[  830040ms] [ERROR] Failed to load resource: net::ERR_CONNECTION_REFUSED @ http://[::1]:5173/resources/css/app.css:0
[  830047ms] [ERROR] Failed to load resource: net::ERR_CONNECTION_REFUSED @ http://[::1]:5173/@vite/client:0
[  830047ms] [ERROR] Failed to load resource: net::ERR_CONNECTION_REFUSED @ http://[::1]:5173/resources/js/app.js:0
[  832680ms] [ERROR] Failed to load resource: net::ERR_CONNECTION_REFUSED @ http://[::1]:5173/resources/css/app.css:0
[  832688ms] [ERROR] Failed to load resource: net::ERR_CONNECTION_REFUSED @ http://[::1]:5173/@vite/client:0
[  832688ms] [ERROR] Failed to load resource: net::ERR_CONNECTION_REFUSED @ http://[::1]:5173/resources/js/app.js:0
[  835418ms] [ERROR] Failed to load resource: net::ERR_CONNECTION_REFUSED @ http://[::1]:5173/resources/css/app.css:0
[  835429ms] [ERROR] Failed to load resource: net::ERR_CONNECTION_REFUSED @ http://[::1]:5173/@vite/client:0
[  835429ms] [ERROR] Failed to load resource: net::ERR_CONNECTION_REFUSED @ http://[::1]:5173/resources/js/app.js:0
[  838019ms] [ERROR] Failed to load resource: net::ERR_CONNECTION_REFUSED @ http://[::1]:5173/resources/css/app.css:0
[  838030ms] [ERROR] Failed to load resource: net::ERR_CONNECTION_REFUSED @ http://[::1]:5173/@vite/client:0
[  838030ms] [ERROR] Failed to load resource: net::ERR_CONNECTION_REFUSED @ http://[::1]:5173/resources/js/app.js:0
[  840873ms] [ERROR] Failed to load resource: net::ERR_CONNECTION_REFUSED @ http://[::1]:5173/resources/css/app.css:0
[  840879ms] [ERROR] Failed to load resource: net::ERR_CONNECTION_REFUSED @ http://[::1]:5173/@vite/client:0
[  840879ms] [ERROR] Failed to load resource: net::ERR_CONNECTION_REFUSED @ http://[::1]:5173/resources/js/app.js:0
[  843687ms] [ERROR] Failed to load resource: net::ERR_CONNECTION_REFUSED @ http://[::1]:5173/resources/css/app.css:0
[  843696ms] [ERROR] Failed to load resource: net::ERR_CONNECTION_REFUSED @ http://[::1]:5173/@vite/client:0
[  843697ms] [ERROR] Failed to load resource: net::ERR_CONNECTION_REFUSED @ http://[::1]:5173/resources/js/app.js:0
[  879206ms] [ERROR] Failed to load resource: net::ERR_CONNECTION_REFUSED @ http://[::1]:5173/resources/css/app.css:0
[  879216ms] [ERROR] Failed to load resource: net::ERR_CONNECTION_REFUSED @ http://[::1]:5173/@vite/client:0
[  879216ms] [ERROR] Failed to load resource: net::ERR_CONNECTION_REFUSED @ http://[::1]:5173/resources/js/app.js:0
[  881996ms] [ERROR] Failed to load resource: net::ERR_CONNECTION_REFUSED @ http://[::1]:5173/resources/css/app.css:0
[  882004ms] [ERROR] Failed to load resource: net::ERR_CONNECTION_REFUSED @ http://[::1]:5173/@vite/client:0
[  882004ms] [ERROR] Failed to load resource: net::ERR_CONNECTION_REFUSED @ http://[::1]:5173/resources/js/app.js:0
[  884561ms] [ERROR] Failed to load resource: net::ERR_CONNECTION_REFUSED @ http://[::1]:5173/resources/css/app.css:0
[  884567ms] [ERROR] Failed to load resource: net::ERR_CONNECTION_REFUSED @ http://[::1]:5173/@vite/client:0
[  884567ms] [ERROR] Failed to load resource: net::ERR_CONNECTION_REFUSED @ http://[::1]:5173/resources/js/app.js:0
[  887091ms] [ERROR] Failed to load resource: net::ERR_CONNECTION_REFUSED @ http://[::1]:5173/resources/css/app.css:0
[  887100ms] [ERROR] Failed to load resource: net::ERR_CONNECTION_REFUSED @ http://[::1]:5173/@vite/client:0
[  887100ms] [ERROR] Failed to load resource: net::ERR_CONNECTION_REFUSED @ http://[::1]:5173/resources/js/app.js:0
[  889653ms] [ERROR] Failed to load resource: net::ERR_CONNECTION_REFUSED @ http://[::1]:5173/resources/css/app.css:0
[  889660ms] [ERROR] Failed to load resource: net::ERR_CONNECTION_REFUSED @ http://[::1]:5173/@vite/client:0
[  889660ms] [ERROR] Failed to load resource: net::ERR_CONNECTION_REFUSED @ http://[::1]:5173/resources/js/app.js:0
[  892475ms] [ERROR] Failed to load resource: net::ERR_CONNECTION_REFUSED @ http://[::1]:5173/resources/css/app.css:0
[  892488ms] [ERROR] Failed to load resource: net::ERR_CONNECTION_REFUSED @ http://[::1]:5173/@vite/client:0
[  892488ms] [ERROR] Failed to load resource: net::ERR_CONNECTION_REFUSED @ http://[::1]:5173/resources/js/app.js:0
[  895374ms] [ERROR] Failed to load resource: net::ERR_CONNECTION_REFUSED @ http://[::1]:5173/@vite/client:0
[  895380ms] [ERROR] Failed to load resource: net::ERR_CONNECTION_REFUSED @ http://[::1]:5173/resources/css/app.css:0
[  895389ms] [ERROR] Failed to load resource: net::ERR_CONNECTION_REFUSED @ http://[::1]:5173/resources/js/app.js:0
[  935974ms] [ERROR] Failed to load resource: net::ERR_CONNECTION_REFUSED @ http://[::1]:5173/resources/css/app.css:0
[  935981ms] [ERROR] Failed to load resource: net::ERR_CONNECTION_REFUSED @ http://[::1]:5173/@vite/client:0
[  935982ms] [ERROR] Failed to load resource: net::ERR_CONNECTION_REFUSED @ http://[::1]:5173/resources/js/app.js:0
